[2026-03-24 16:42:02] STARTING WEEKLY SUMMARY REPORT GENERATION
[2026-03-24 16:42:02] Report Range: 2026-03-16 to 2026-03-22
[2026-03-24 16:42:02] Fetching data from database...
[2026-03-24 16:42:02] Generating Excel file...
[2026-03-24 16:42:02] Excel saved to C:\Users\HARSHD~1\AppData\Local\Temp/Weekly_Summary_Report_2026-03-16_to_2026-03-22.xlsx
[2026-03-24 16:42:02] Sending email to ashutosh.sharma@wildnettechnologies.com...
[2026-03-24 16:42:07] Email sent successfully!
[2026-03-24 16:42:07] COMPLETED
[2026-03-24 16:56:04] STARTING WEEKLY SUMMARY REPORT GENERATION
[2026-03-24 16:56:04] Report Range: 2026-03-16 to 2026-03-22
[2026-03-24 16:56:04] Filtering by Departments: 5
[2026-03-24 16:56:04] Email Recipient(s): ashutosh.sharma@wildnettechnologies.com
[2026-03-24 16:56:04] Fetching data from database...
[2026-03-24 16:56:04] Generating Excel file...
[2026-03-24 16:56:04] Excel saved to C:\Users\HARSHD~1\AppData\Local\Temp/Weekly_Summary_Report_2026-03-16_to_2026-03-22.xlsx
[2026-03-24 16:56:04] Sending email to ashutosh.sharma@wildnettechnologies.com...
[2026-03-24 16:56:10] Email sent successfully to ashutosh.sharma@wildnettechnologies.com!
[2026-03-24 16:56:10] COMPLETED
[2026-03-24 16:56:23] STARTING WEEKLY SUMMARY REPORT GENERATION
[2026-03-24 16:56:23] Report Range: 2026-03-16 to 2026-03-22
[2026-03-24 16:56:23] Filtering by Departments: 5
[2026-03-24 16:56:23] Email Recipient(s): ashutosh.sharma@wildnettechnologies.com
[2026-03-24 16:56:23] Fetching data from database...
[2026-03-24 16:56:23] Generating Excel file...
[2026-03-24 16:56:24] Excel saved to C:\Users\HARSHD~1\AppData\Local\Temp/Weekly_Summary_Report_2026-03-16_to_2026-03-22.xlsx
[2026-03-24 16:56:24] Sending email to ashutosh.sharma@wildnettechnologies.com...
[2026-03-24 16:56:29] Email sent successfully to ashutosh.sharma@wildnettechnologies.com!
[2026-03-24 16:56:29] COMPLETED
[2026-03-24 16:57:03] STARTING WEEKLY SUMMARY REPORT GENERATION
[2026-03-24 16:57:03] Report Range: 2026-03-16 to 2026-03-22
[2026-03-24 16:57:03] Email Recipient(s): harsh@yopmail.com
[2026-03-24 16:57:03] Fetching data from database...
[2026-03-24 16:57:03] Generating Excel file...
[2026-03-24 16:57:03] Excel saved to C:\Users\HARSHD~1\AppData\Local\Temp/Weekly_Summary_Report_2026-03-16_to_2026-03-22.xlsx
[2026-03-24 16:57:03] Sending email to harsh@yopmail.com...
[2026-03-24 16:57:08] Email sent successfully to harsh@yopmail.com!
[2026-03-24 16:57:08] COMPLETED
[2026-03-24 16:57:36] STARTING WEEKLY SUMMARY REPORT GENERATION
[2026-03-24 16:57:36] Report Range: 2026-03-16 to 2026-03-22
[2026-03-24 16:57:36] Filtering by Departments: 5
[2026-03-24 16:57:36] Email Recipient(s): ashutosh.sharma@wildnettechnologies.com
[2026-03-24 16:57:36] Fetching data from database...
[2026-03-24 16:57:36] Generating Excel file...
[2026-03-24 16:57:36] Excel saved to C:\Users\HARSHD~1\AppData\Local\Temp/Weekly_Summary_Report_2026-03-16_to_2026-03-22.xlsx
[2026-03-24 16:57:36] Sending email to ashutosh.sharma@wildnettechnologies.com...
[2026-03-24 16:57:41] Email sent successfully to ashutosh.sharma@wildnettechnologies.com!
[2026-03-24 16:57:41] COMPLETED
[2026-03-24 17:01:45] STARTING WEEKLY SUMMARY REPORT GENERATION
[2026-03-24 17:01:45] Report Range: 2026-03-16 to 2026-03-22
[2026-03-24 17:01:45] Filtering by Departments: 5
[2026-03-24 17:01:45] Email Recipient(s): harsh@yopmail.com
[2026-03-24 17:01:45] Fetching data from database...
[2026-03-24 17:01:45] Generating Excel file...
[2026-03-24 17:01:45] Excel saved to C:\Users\HARSHD~1\AppData\Local\Temp/Weekly_Summary_Report_2026-03-16_to_2026-03-22.xlsx
[2026-03-24 17:01:45] Sending email to harsh@yopmail.com...
[2026-03-24 17:01:50] Email sent successfully to harsh@yopmail.com!
[2026-03-24 17:01:50] COMPLETED
[2026-03-24 17:06:39] STARTING WEEKLY SUMMARY REPORT GENERATION
[2026-03-24 17:06:39] Report Range: 2026-03-16 to 2026-03-22
[2026-03-24 17:06:39] Filtering by Departments: 5
[2026-03-24 17:06:39] Email Recipient(s): harsh@yopmail.com
[2026-03-24 17:06:39] Fetching data from database...
[2026-03-24 17:06:39] Generating Excel file...
[2026-03-24 17:06:39] Excel saved to C:\Users\HARSHD~1\AppData\Local\Temp/Weekly_Summary_Report_2026-03-16_to_2026-03-22.xlsx
[2026-03-24 17:06:39] Sending email to harsh@yopmail.com...
[2026-03-24 17:06:44] Email sent successfully to harsh@yopmail.com!
[2026-03-24 17:06:44] COMPLETED
[2026-03-24 17:08:20] STARTING WEEKLY SUMMARY REPORT GENERATION
[2026-03-24 17:08:20] Report Range: 2026-03-16 to 2026-03-22
[2026-03-24 17:08:20] Email Recipient(s): harsh@yopmail.com
[2026-03-24 17:08:20] Fetching data from database...
[2026-03-24 17:08:20] Generating Excel file...
[2026-03-24 17:08:20] Excel saved to C:\Users\HARSHD~1\AppData\Local\Temp/Weekly_Summary_Report_2026-03-16_to_2026-03-22.xlsx
[2026-03-24 17:08:20] Sending email to harsh@yopmail.com...
[2026-03-24 17:08:25] Email sent successfully to harsh@yopmail.com!
[2026-03-24 17:08:25] COMPLETED
